// Vitest Snapshot v1, https://vitest.dev/guide/snapshot.html

exports[`ArticleHero > matches snapshot 1`] = `
<div
  class="relative flex flex-col gap-2 md:-mx-10 lg:-mx-32 xl:-mx-44"
>
  <div
    data-media="undefined"
    data-testid="media"
  />
  <h1
    class="mt-3"
  >
    Test Article
  </h1>
  <div
    class="flex flex-wrap items-center justify-between gap-3"
  >
    <span
      class="text-foreground cursor-default font-serif underline-offset-4 hover:underline hover:decoration-dotted"
      data-slot="tooltip-trigger"
      id="article-dateline"
      tabindex="0"
    >
      <time
        datetime="2024-06-15T12:00:00.000Z"
      >
        June 15, 2024
      </time>
    </span>
    <div
      class="flex items-center justify-end gap-3"
    >
      <div
        data-narration="undefined"
        data-testid="narration-player"
      />
      <div
        data-testid="share-buttons"
        data-title="Test Article"
        data-url="https://example.com/articles/test-article"
      />
    </div>
  </div>
  <div
    aria-orientation="horizontal"
    class="bg-border shrink-0 data-[orientation=horizontal]:h-px data-[orientation=horizontal]:w-full data-[orientation=vertical]:w-px data-[orientation=vertical]:self-stretch"
    data-orientation="horizontal"
    data-slot="separator"
    role="separator"
  />
</div>
`;
