// Vitest Snapshot v1, https://vitest.dev/guide/snapshot.html

exports[`ArticleHero > matches snapshot 1`] = `
<div
  class="relative flex flex-col gap-2 md:-mx-10 lg:-mx-32 xl:-mx-44"
>
  <h1
    class="mt-6"
  >
    Test Article
  </h1>
  <div
    class="flex flex-wrap items-start gap-2 md:flex-nowrap md:items-center md:gap-8"
  >
    <div
      class="dark:text-brand-high-contrast text-brand order-1 flex flex-1 flex-wrap gap-2 font-serif font-bold underline-offset-4"
    >
      •
      <a
        class="hover:underline"
        href="/articles/test-article"
      >
        <time
          datetime="2024-06-15T12:00:00.000Z"
        >
          June 15, 2024
        </time>
      </a>
    </div>
    <div
      data-testid="share-buttons"
      data-title="Test Article"
      data-url="https://example.com/articles/test-article"
    />
  </div>
  <div
    aria-orientation="horizontal"
    class="bg-border shrink-0 data-[orientation=horizontal]:h-px data-[orientation=horizontal]:w-full data-[orientation=vertical]:w-px data-[orientation=vertical]:self-stretch"
    data-orientation="horizontal"
    data-slot="separator"
    role="separator"
  />
</div>
`;
